// Jest Snapshot v1, https://goo.gl/fbAQLP

exports[`<HomeSearch/> Container should render the HomeSearch container 1`] = `ShallowWrapper {}`;
